<?xml version="1.0" encoding="UTF-8"?>
<!-- ====================================================================== -->
<!--                                                                        -->
<!-- Generated by Maven Help Plugin                                         -->
<!-- See: https://maven.apache.org/plugins/maven-help-plugin/               -->
<!--                                                                        -->
<!-- ====================================================================== -->
<!-- ====================================================================== -->
<!--                                                                        -->
<!-- Effective POM for project                                              -->
<!-- 'com.qvision.automation:reqres-api-automation:jar:1.0.0-SNAPSHOT'      -->
<!--                                                                        -->
<!-- ====================================================================== -->
<project xmlns="http://maven.apache.org/POM/4.0.0" xmlns:xsi="http://www.w3.org/2001/XMLSchema-instance" xsi:schemaLocation="http://maven.apache.org/POM/4.0.0 https://maven.apache.org/xsd/maven-4.0.0.xsd">
  <modelVersion>4.0.0</modelVersion>
  <groupId>com.qvision.automation</groupId>
  <artifactId>reqres-api-automation</artifactId>
  <version>1.0.0-SNAPSHOT</version>
  <name>reqres-api-automation</name>
  <description>REST API automation with Serenity BDD, Cucumber and Screenplay</description>
  <properties>
    <junit.platform.suite.version>1.11.4</junit.platform.suite.version>
    <maven.compiler.release>25</maven.compiler.release>
    <project.build.sourceEncoding>UTF-8</project.build.sourceEncoding>
    <serenity.version>5.3.11</serenity.version>
  </properties>
  <dependencyManagement>
    <dependencies>
      <dependency>
        <groupId>net.serenity-bdd</groupId>
        <artifactId>serenity-model</artifactId>
        <version>5.3.11</version>
      </dependency>
      <dependency>
        <groupId>net.serenity-bdd</groupId>
        <artifactId>serenity-core</artifactId>
        <version>5.3.11</version>
      </dependency>
      <dependency>
        <groupId>net.serenity-bdd</groupId>
        <artifactId>serenity-report-resources</artifactId>
        <version>5.3.11</version>
      </dependency>
      <dependency>
        <groupId>net.serenity-bdd</groupId>
        <artifactId>serenity-sample-alternative-resources</artifactId>
        <version>5.3.11</version>
      </dependency>
      <dependency>
        <groupId>net.serenity-bdd</groupId>
        <artifactId>serenity-screenplay</artifactId>
        <version>5.3.11</version>
      </dependency>
      <dependency>
        <groupId>net.serenity-bdd</groupId>
        <artifactId>serenity-screenplay-webdriver</artifactId>
        <version>5.3.11</version>
      </dependency>
      <dependency>
        <groupId>net.serenity-bdd</groupId>
        <artifactId>serenity-screenplay-rest</artifactId>
        <version>5.3.11</version>
      </dependency>
      <dependency>
        <groupId>net.serenity-bdd</groupId>
        <artifactId>serenity-screenplay-playwright</artifactId>
        <version>5.3.11</version>
      </dependency>
      <dependency>
        <groupId>net.serenity-bdd</groupId>
        <artifactId>serenity-junit5</artifactId>
        <version>5.3.11</version>
      </dependency>
      <dependency>
        <groupId>net.serenity-bdd</groupId>
        <artifactId>serenity-junit</artifactId>
        <version>5.3.11</version>
      </dependency>
      <dependency>
        <groupId>net.serenity-bdd</groupId>
        <artifactId>serenity-cucumber</artifactId>
        <version>5.3.11</version>
      </dependency>
      <dependency>
        <groupId>net.serenity-bdd</groupId>
        <artifactId>serenity-assertions</artifactId>
        <version>5.3.11</version>
      </dependency>
      <dependency>
        <groupId>net.serenity-bdd</groupId>
        <artifactId>serenity-ensure</artifactId>
        <version>5.3.11</version>
      </dependency>
      <dependency>
        <groupId>net.serenity-bdd</groupId>
        <artifactId>serenity-rest-assured</artifactId>
        <version>5.3.11</version>
      </dependency>
      <dependency>
        <groupId>net.serenity-bdd</groupId>
        <artifactId>serenity-reports</artifactId>
        <version>5.3.11</version>
      </dependency>
      <dependency>
        <groupId>net.serenity-bdd</groupId>
        <artifactId>serenity-reports-configuration</artifactId>
        <version>5.3.11</version>
      </dependency>
      <dependency>
        <groupId>net.serenity-bdd</groupId>
        <artifactId>serenity-stats</artifactId>
        <version>5.3.11</version>
      </dependency>
      <dependency>
        <groupId>net.serenity-bdd</groupId>
        <artifactId>serenity-single-page-report</artifactId>
        <version>5.3.11</version>
      </dependency>
      <dependency>
        <groupId>net.serenity-bdd</groupId>
        <artifactId>serenity-json-summary-report</artifactId>
        <version>5.3.11</version>
      </dependency>
      <dependency>
        <groupId>net.serenity-bdd</groupId>
        <artifactId>serenity-navigator-report</artifactId>
        <version>5.3.11</version>
      </dependency>
      <dependency>
        <groupId>net.serenity-bdd</groupId>
        <artifactId>serenity-spring</artifactId>
        <version>5.3.11</version>
      </dependency>
      <dependency>
        <groupId>net.serenity-bdd</groupId>
        <artifactId>serenity-playwright</artifactId>
        <version>5.3.11</version>
      </dependency>
      <dependency>
        <groupId>net.serenity-bdd</groupId>
        <artifactId>serenity-browserstack</artifactId>
        <version>5.3.11</version>
      </dependency>
      <dependency>
        <groupId>net.serenity-bdd</groupId>
        <artifactId>serenity-saucelabs</artifactId>
        <version>5.3.11</version>
      </dependency>
      <dependency>
        <groupId>net.serenity-bdd</groupId>
        <artifactId>serenity-lambdatest</artifactId>
        <version>5.3.11</version>
      </dependency>
      <dependency>
        <groupId>net.serenity-bdd</groupId>
        <artifactId>serenity-crossbrowsertesting</artifactId>
        <version>5.3.11</version>
      </dependency>
      <dependency>
        <groupId>net.serenity-bdd</groupId>
        <artifactId>serenity-zalenium</artifactId>
        <version>5.3.11</version>
      </dependency>
      <dependency>
        <groupId>net.serenity-bdd</groupId>
        <artifactId>serenity-selenoid</artifactId>
        <version>5.3.11</version>
      </dependency>
      <dependency>
        <groupId>net.serenity-bdd</groupId>
        <artifactId>serenity-bitbar</artifactId>
        <version>5.3.11</version>
      </dependency>
      <dependency>
        <groupId>net.serenity-bdd</groupId>
        <artifactId>serenity-browsermob-plugin</artifactId>
        <version>5.3.11</version>
      </dependency>
      <dependency>
        <groupId>net.serenity-bdd</groupId>
        <artifactId>serenity-shutterbug</artifactId>
        <version>5.3.11</version>
      </dependency>
      <dependency>
        <groupId>net.serenity-bdd</groupId>
        <artifactId>serenity-ant-task</artifactId>
        <version>5.3.11</version>
      </dependency>
      <dependency>
        <groupId>net.serenity-bdd</groupId>
        <artifactId>serenity-cli</artifactId>
        <version>5.3.11</version>
      </dependency>
      <dependency>
        <groupId>net.serenity-bdd</groupId>
        <artifactId>serenity-jira-plugin</artifactId>
        <version>5.3.11</version>
      </dependency>
      <dependency>
        <groupId>net.serenity-bdd</groupId>
        <artifactId>serenity-jira-requirements-provider</artifactId>
        <version>5.3.11</version>
      </dependency>
      <dependency>
        <groupId>net.serenity-bdd.maven.plugins</groupId>
        <artifactId>serenity-maven-plugin</artifactId>
        <version>5.3.11</version>
      </dependency>
      <dependency>
        <groupId>io.netty</groupId>
        <artifactId>netty-handler</artifactId>
        <version>4.2.1.Final</version>
      </dependency>
      <dependency>
        <groupId>org.apache.httpcomponents.client5</groupId>
        <artifactId>httpclient5</artifactId>
        <version>5.4.4</version>
      </dependency>
      <dependency>
        <groupId>junit</groupId>
        <artifactId>junit</artifactId>
        <version>4.13.2</version>
        <scope>test</scope>
        <exclusions>
          <exclusion>
            <groupId>org.hamcrest</groupId>
            <artifactId>hamcrest-core</artifactId>
          </exclusion>
        </exclusions>
      </dependency>
      <dependency>
        <groupId>org.spockframework</groupId>
        <artifactId>spock-core</artifactId>
        <version>2.4-M1-groovy-4.0</version>
        <scope>test</scope>
        <exclusions>
          <exclusion>
            <groupId>org.junit.platform</groupId>
            <artifactId>junit-platform-engine</artifactId>
          </exclusion>
        </exclusions>
      </dependency>
      <dependency>
        <groupId>org.apache.groovy</groupId>
        <artifactId>groovy</artifactId>
        <version>4.0.29</version>
      </dependency>
      <dependency>
        <groupId>org.apache.groovy</groupId>
        <artifactId>groovy-all</artifactId>
        <version>4.0.29</version>
        <type>pom</type>
      </dependency>
      <dependency>
        <groupId>org.apache.groovy</groupId>
        <artifactId>groovy-json</artifactId>
        <version>4.0.29</version>
      </dependency>
      <dependency>
        <groupId>org.apache.groovy</groupId>
        <artifactId>groovy-xml</artifactId>
        <version>4.0.29</version>
      </dependency>
      <dependency>
        <groupId>org.mockito</groupId>
        <artifactId>mockito-core</artifactId>
        <version>3.3.3</version>
      </dependency>
      <dependency>
        <groupId>org.assertj</groupId>
        <artifactId>assertj-core</artifactId>
        <version>3.27.7</version>
        <scope>test</scope>
      </dependency>
      <dependency>
        <groupId>io.rest-assured</groupId>
        <artifactId>rest-assured</artifactId>
        <version>6.0.0</version>
      </dependency>
      <dependency>
        <groupId>net.bytebuddy</groupId>
        <artifactId>byte-buddy</artifactId>
        <version>1.18.5</version>
        <scope>compile</scope>
      </dependency>
      <dependency>
        <groupId>net.java.dev.jna</groupId>
        <artifactId>jna</artifactId>
        <version>5.18.1</version>
      </dependency>
      <dependency>
        <groupId>net.bytebuddy</groupId>
        <artifactId>byte-buddy-agent</artifactId>
        <version>1.18.5</version>
        <scope>compile</scope>
      </dependency>
      <dependency>
        <groupId>org.objenesis</groupId>
        <artifactId>objenesis</artifactId>
        <version>3.4</version>
      </dependency>
      <dependency>
        <groupId>org.freemarker</groupId>
        <artifactId>freemarker</artifactId>
        <version>2.3.34</version>
      </dependency>
      <dependency>
        <groupId>joda-time</groupId>
        <artifactId>joda-time</artifactId>
        <version>2.14.0</version>
      </dependency>
      <dependency>
        <groupId>com.google.guava</groupId>
        <artifactId>guava</artifactId>
        <version>33.6.0-jre</version>
        <scope>compile</scope>
      </dependency>
      <dependency>
        <groupId>org.hamcrest</groupId>
        <artifactId>hamcrest</artifactId>
        <version>2.2</version>
        <scope>compile</scope>
      </dependency>
      <dependency>
        <groupId>org.slf4j</groupId>
        <artifactId>slf4j-api</artifactId>
        <version>2.0.17</version>
      </dependency>
      <dependency>
        <groupId>org.slf4j</groupId>
        <artifactId>slf4j-simple</artifactId>
        <version>2.0.17</version>
        <scope>test</scope>
      </dependency>
      <dependency>
        <groupId>dnsjava</groupId>
        <artifactId>dnsjava</artifactId>
        <version>3.6.4</version>
      </dependency>
      <dependency>
        <groupId>org.apache.commons</groupId>
        <artifactId>commons-lang3</artifactId>
        <version>3.20.0</version>
      </dependency>
      <dependency>
        <groupId>commons-io</groupId>
        <artifactId>commons-io</artifactId>
        <version>2.22.0</version>
      </dependency>
      <dependency>
        <groupId>org.apache.commons</groupId>
        <artifactId>commons-text</artifactId>
        <version>1.15.0</version>
      </dependency>
      <dependency>
        <groupId>commons-net</groupId>
        <artifactId>commons-net</artifactId>
        <version>3.12.0</version>
      </dependency>
      <dependency>
        <groupId>org.apache.commons</groupId>
        <artifactId>commons-compress</artifactId>
        <version>1.28.0</version>
      </dependency>
      <dependency>
        <groupId>commons-codec</groupId>
        <artifactId>commons-codec</artifactId>
        <version>1.22.0</version>
      </dependency>
      <dependency>
        <groupId>com.google.code.gson</groupId>
        <artifactId>gson</artifactId>
        <version>2.14.0</version>
      </dependency>
      <dependency>
        <groupId>com.fasterxml.jackson.core</groupId>
        <artifactId>jackson-core</artifactId>
        <version>2.21.3</version>
      </dependency>
      <dependency>
        <groupId>com.fasterxml.jackson.core</groupId>
        <artifactId>jackson-databind</artifactId>
        <version>2.21.3</version>
      </dependency>
      <dependency>
        <groupId>org.skyscreamer</groupId>
        <artifactId>jsonassert</artifactId>
        <version>1.5.1</version>
        <scope>test</scope>
      </dependency>
      <dependency>
        <groupId>org.seleniumhq.selenium</groupId>
        <artifactId>selenium-java</artifactId>
        <version>4.46.0</version>
      </dependency>
      <dependency>
        <groupId>org.seleniumhq.selenium</groupId>
        <artifactId>selenium-api</artifactId>
        <version>4.46.0</version>
      </dependency>
      <dependency>
        <groupId>org.seleniumhq.selenium</groupId>
        <artifactId>selenium-support</artifactId>
        <version>4.46.0</version>
      </dependency>
      <dependency>
        <groupId>org.seleniumhq.selenium</groupId>
        <artifactId>selenium-chrome-driver</artifactId>
        <version>4.46.0</version>
      </dependency>
      <dependency>
        <groupId>org.seleniumhq.selenium</groupId>
        <artifactId>selenium-firefox-driver</artifactId>
        <version>4.46.0</version>
      </dependency>
      <dependency>
        <groupId>org.seleniumhq.selenium</groupId>
        <artifactId>selenium-edge-driver</artifactId>
        <version>4.46.0</version>
      </dependency>
      <dependency>
        <groupId>org.seleniumhq.selenium</groupId>
        <artifactId>selenium-ie-driver</artifactId>
        <version>4.46.0</version>
      </dependency>
      <dependency>
        <groupId>org.seleniumhq.selenium</groupId>
        <artifactId>selenium-safari-driver</artifactId>
        <version>4.46.0</version>
      </dependency>
      <dependency>
        <groupId>org.seleniumhq.selenium</groupId>
        <artifactId>selenium-opera-driver</artifactId>
        <version>4.46.0</version>
      </dependency>
      <dependency>
        <groupId>org.htmlunit</groupId>
        <artifactId>htmlunit</artifactId>
        <version>4.20.0</version>
      </dependency>
      <dependency>
        <groupId>org.seleniumhq.selenium</groupId>
        <artifactId>htmlunit3-driver</artifactId>
        <version>4.45.0</version>
      </dependency>
      <dependency>
        <groupId>net.java.dev.jna</groupId>
        <artifactId>jna-platform</artifactId>
        <version>5.18.1</version>
      </dependency>
      <dependency>
        <groupId>io.appium</groupId>
        <artifactId>java-client</artifactId>
        <version>10.0.0</version>
      </dependency>
      <dependency>
        <groupId>com.opencsv</groupId>
        <artifactId>opencsv</artifactId>
        <version>5.12.0</version>
      </dependency>
      <dependency>
        <groupId>com.typesafe</groupId>
        <artifactId>config</artifactId>
        <version>1.4.5</version>
      </dependency>
      <dependency>
        <groupId>org.imgscalr</groupId>
        <artifactId>imgscalr-lib</artifactId>
        <version>4.2</version>
      </dependency>
      <dependency>
        <groupId>org.awaitility</groupId>
        <artifactId>awaitility</artifactId>
        <version>4.3.0</version>
      </dependency>
      <dependency>
        <groupId>javax.annotation</groupId>
        <artifactId>javax.annotation-api</artifactId>
        <version>1.3.2</version>
      </dependency>
      <dependency>
        <groupId>org.fluentlenium</groupId>
        <artifactId>fluentlenium-core</artifactId>
        <version>0.10.2</version>
      </dependency>
      <dependency>
        <groupId>com.jhlabs</groupId>
        <artifactId>filters</artifactId>
        <version>2.0.235</version>
      </dependency>
      <dependency>
        <groupId>com.paulhammant</groupId>
        <artifactId>ngwebdriver</artifactId>
        <version>1.2</version>
      </dependency>
      <dependency>
        <groupId>org.springframework</groupId>
        <artifactId>spring-context-support</artifactId>
        <version>6.2.10</version>
        <optional>true</optional>
      </dependency>
      <dependency>
        <groupId>com.thoughtworks.xstream</groupId>
        <artifactId>xstream</artifactId>
        <version>1.4.21</version>
      </dependency>
      <dependency>
        <groupId>com.google.jimfs</groupId>
        <artifactId>jimfs</artifactId>
        <version>1.3.1</version>
      </dependency>
      <dependency>
        <groupId>org.wiremock</groupId>
        <artifactId>wiremock</artifactId>
        <version>4.0.0-beta.34</version>
        <scope>test</scope>
        <exclusions>
          <exclusion>
            <groupId>com.google.guava</groupId>
            <artifactId>guava</artifactId>
          </exclusion>
          <exclusion>
            <groupId>org.apache.httpcomponents</groupId>
            <artifactId>httpclient</artifactId>
          </exclusion>
          <exclusion>
            <groupId>org.slf4j</groupId>
            <artifactId>slf4j-api</artifactId>
          </exclusion>
          <exclusion>
            <groupId>javax.xml.bind</groupId>
            <artifactId>jaxb-api</artifactId>
          </exclusion>
        </exclusions>
      </dependency>
      <dependency>
        <groupId>org.thymeleaf</groupId>
        <artifactId>thymeleaf</artifactId>
        <version>3.1.3.RELEASE</version>
      </dependency>
      <dependency>
        <groupId>org.javassist</groupId>
        <artifactId>javassist</artifactId>
        <version>3.30.2-GA</version>
      </dependency>
      <dependency>
        <groupId>org.knowm.xchart</groupId>
        <artifactId>xchart</artifactId>
        <version>3.5.2</version>
      </dependency>
      <dependency>
        <groupId>io.cucumber</groupId>
        <artifactId>ci-environment</artifactId>
        <version>12.0.0</version>
      </dependency>
      <dependency>
        <groupId>io.cucumber</groupId>
        <artifactId>cucumber-expressions</artifactId>
        <version>18.1.0</version>
      </dependency>
      <dependency>
        <groupId>io.cucumber</groupId>
        <artifactId>cucumber-json-formatter</artifactId>
        <version>0.3.2</version>
      </dependency>
      <dependency>
        <groupId>io.cucumber</groupId>
        <artifactId>gherkin</artifactId>
        <version>36.1.0</version>
      </dependency>
      <dependency>
        <groupId>io.cucumber</groupId>
        <artifactId>html-formatter</artifactId>
        <version>22.3.0</version>
      </dependency>
      <dependency>
        <groupId>io.cucumber</groupId>
        <artifactId>junit-xml-formatter</artifactId>
        <version>0.11.0</version>
      </dependency>
      <dependency>
        <groupId>io.cucumber</groupId>
        <artifactId>messages</artifactId>
        <version>30.1.0</version>
      </dependency>
      <dependency>
        <groupId>io.cucumber</groupId>
        <artifactId>messages-ndjson</artifactId>
        <version>0.3.0</version>
      </dependency>
      <dependency>
        <groupId>io.cucumber</groupId>
        <artifactId>pretty-formatter</artifactId>
        <version>2.4.1</version>
      </dependency>
      <dependency>
        <groupId>io.cucumber</groupId>
        <artifactId>query</artifactId>
        <version>14.7.0</version>
      </dependency>
      <dependency>
        <groupId>io.cucumber</groupId>
        <artifactId>tag-expressions</artifactId>
        <version>8.1.0</version>
      </dependency>
      <dependency>
        <groupId>io.cucumber</groupId>
        <artifactId>teamcity-formatter</artifactId>
        <version>0.2.0</version>
      </dependency>
      <dependency>
        <groupId>io.cucumber</groupId>
        <artifactId>testng-xml-formatter</artifactId>
        <version>0.7.0</version>
      </dependency>
      <dependency>
        <groupId>io.cucumber</groupId>
        <artifactId>usage-formatter</artifactId>
        <version>0.1.0</version>
      </dependency>
      <dependency>
        <groupId>io.cucumber</groupId>
        <artifactId>cucumber-cdi2</artifactId>
        <version>7.34.2</version>
      </dependency>
      <dependency>
        <groupId>io.cucumber</groupId>
        <artifactId>cucumber-core</artifactId>
        <version>7.34.2</version>
      </dependency>
      <dependency>
        <groupId>io.cucumber</groupId>
        <artifactId>datatable</artifactId>
        <version>7.34.2</version>
      </dependency>
      <dependency>
        <groupId>io.cucumber</groupId>
        <artifactId>datatable-matchers</artifactId>
        <version>7.34.2</version>
      </dependency>
      <dependency>
        <groupId>io.cucumber</groupId>
        <artifactId>cucumber-deltaspike</artifactId>
        <version>7.34.2</version>
      </dependency>
      <dependency>
        <groupId>io.cucumber</groupId>
        <artifactId>docstring</artifactId>
        <version>7.34.2</version>
      </dependency>
      <dependency>
        <groupId>io.cucumber</groupId>
        <artifactId>cucumber-gherkin</artifactId>
        <version>7.34.2</version>
      </dependency>
      <dependency>
        <groupId>io.cucumber</groupId>
        <artifactId>cucumber-gherkin-messages</artifactId>
        <version>7.34.2</version>
      </dependency>
      <dependency>
        <groupId>io.cucumber</groupId>
        <artifactId>cucumber-guice</artifactId>
        <version>7.34.2</version>
      </dependency>
      <dependency>
        <groupId>io.cucumber</groupId>
        <artifactId>cucumber-jakarta-cdi</artifactId>
        <version>7.34.2</version>
      </dependency>
      <dependency>
        <groupId>io.cucumber</groupId>
        <artifactId>cucumber-java</artifactId>
        <version>7.34.2</version>
      </dependency>
      <dependency>
        <groupId>io.cucumber</groupId>
        <artifactId>cucumber-java8</artifactId>
        <version>7.34.2</version>
      </dependency>
      <dependency>
        <groupId>io.cucumber</groupId>
        <artifactId>cucumber-junit</artifactId>
        <version>7.34.2</version>
      </dependency>
      <dependency>
        <groupId>io.cucumber</groupId>
        <artifactId>cucumber-junit-platform-engine</artifactId>
        <version>7.34.2</version>
      </dependency>
      <dependency>
        <groupId>io.cucumber</groupId>
        <artifactId>cucumber-openejb</artifactId>
        <version>7.34.2</version>
      </dependency>
      <dependency>
        <groupId>io.cucumber</groupId>
        <artifactId>cucumber-picocontainer</artifactId>
        <version>7.34.2</version>
      </dependency>
      <dependency>
        <groupId>io.cucumber</groupId>
        <artifactId>cucumber-plugin</artifactId>
        <version>7.34.2</version>
      </dependency>
      <dependency>
        <groupId>io.cucumber</groupId>
        <artifactId>cucumber-spring</artifactId>
        <version>7.34.2</version>
      </dependency>
      <dependency>
        <groupId>io.cucumber</groupId>
        <artifactId>cucumber-testng</artifactId>
        <version>7.34.2</version>
      </dependency>
      <dependency>
        <groupId>org.junit.jupiter</groupId>
        <artifactId>junit-jupiter</artifactId>
        <version>6.0.3</version>
      </dependency>
      <dependency>
        <groupId>org.junit.jupiter</groupId>
        <artifactId>junit-jupiter-api</artifactId>
        <version>6.0.3</version>
      </dependency>
      <dependency>
        <groupId>org.junit.jupiter</groupId>
        <artifactId>junit-jupiter-engine</artifactId>
        <version>6.0.3</version>
      </dependency>
      <dependency>
        <groupId>org.junit.jupiter</groupId>
        <artifactId>junit-jupiter-migrationsupport</artifactId>
        <version>6.0.3</version>
      </dependency>
      <dependency>
        <groupId>org.junit.jupiter</groupId>
        <artifactId>junit-jupiter-params</artifactId>
        <version>6.0.3</version>
      </dependency>
      <dependency>
        <groupId>org.junit.platform</groupId>
        <artifactId>junit-platform-commons</artifactId>
        <version>6.0.3</version>
      </dependency>
      <dependency>
        <groupId>org.junit.platform</groupId>
        <artifactId>junit-platform-console</artifactId>
        <version>6.0.3</version>
      </dependency>
      <dependency>
        <groupId>org.junit.platform</groupId>
        <artifactId>junit-platform-engine</artifactId>
        <version>6.0.3</version>
      </dependency>
      <dependency>
        <groupId>org.junit.platform</groupId>
        <artifactId>junit-platform-launcher</artifactId>
        <version>6.0.3</version>
      </dependency>
      <dependency>
        <groupId>org.junit.platform</groupId>
        <artifactId>junit-platform-reporting</artifactId>
        <version>6.0.3</version>
      </dependency>
      <dependency>
        <groupId>org.junit.platform</groupId>
        <artifactId>junit-platform-suite</artifactId>
        <version>6.0.3</version>
      </dependency>
      <dependency>
        <groupId>org.junit.platform</groupId>
        <artifactId>junit-platform-suite-api</artifactId>
        <version>6.0.3</version>
      </dependency>
      <dependency>
        <groupId>org.junit.platform</groupId>
        <artifactId>junit-platform-suite-engine</artifactId>
        <version>6.0.3</version>
      </dependency>
      <dependency>
        <groupId>org.junit.platform</groupId>
        <artifactId>junit-platform-testkit</artifactId>
        <version>6.0.3</version>
      </dependency>
      <dependency>
        <groupId>org.junit.vintage</groupId>
        <artifactId>junit-vintage-engine</artifactId>
        <version>6.0.3</version>
      </dependency>
    </dependencies>
  </dependencyManagement>
  <dependencies>
    <dependency>
      <groupId>net.serenity-bdd</groupId>
      <artifactId>serenity-cucumber</artifactId>
      <version>5.3.11</version>
      <scope>test</scope>
    </dependency>
    <dependency>
      <groupId>net.serenity-bdd</groupId>
      <artifactId>serenity-screenplay-rest</artifactId>
      <version>5.3.11</version>
      <scope>test</scope>
    </dependency>
    <dependency>
      <groupId>net.serenity-bdd</groupId>
      <artifactId>serenity-rest-assured</artifactId>
      <version>5.3.11</version>
      <scope>test</scope>
    </dependency>
    <dependency>
      <groupId>org.junit.platform</groupId>
      <artifactId>junit-platform-suite</artifactId>
      <version>1.11.4</version>
      <scope>test</scope>
    </dependency>
    <dependency>
      <groupId>io.cucumber</groupId>
      <artifactId>cucumber-junit-platform-engine</artifactId>
      <version>7.34.2</version>
      <scope>test</scope>
    </dependency>
  </dependencies>
  <repositories>
    <repository>
      <snapshots>
        <enabled>false</enabled>
      </snapshots>
      <id>central</id>
      <name>Central Repository</name>
      <url>https://repo.maven.apache.org/maven2</url>
    </repository>
  </repositories>
  <pluginRepositories>
    <pluginRepository>
      <snapshots>
        <enabled>false</enabled>
      </snapshots>
      <id>central</id>
      <name>Central Repository</name>
      <url>https://repo.maven.apache.org/maven2</url>
    </pluginRepository>
  </pluginRepositories>
  <build>
    <sourceDirectory>C:\Users\Cristiam Osorio\Documents\API\reqres-api-automation\src\main\java</sourceDirectory>
    <scriptSourceDirectory>C:\Users\Cristiam Osorio\Documents\API\reqres-api-automation\src\main\scripts</scriptSourceDirectory>
    <testSourceDirectory>C:\Users\Cristiam Osorio\Documents\API\reqres-api-automation\src\test\java</testSourceDirectory>
    <outputDirectory>C:\Users\Cristiam Osorio\Documents\API\reqres-api-automation\target\classes</outputDirectory>
    <testOutputDirectory>C:\Users\Cristiam Osorio\Documents\API\reqres-api-automation\target\test-classes</testOutputDirectory>
    <resources>
      <resource>
        <directory>C:\Users\Cristiam Osorio\Documents\API\reqres-api-automation\src\main\resources</directory>
      </resource>
    </resources>
    <testResources>
      <testResource>
        <directory>C:\Users\Cristiam Osorio\Documents\API\reqres-api-automation\src\test\resources</directory>
      </testResource>
    </testResources>
    <directory>C:\Users\Cristiam Osorio\Documents\API\reqres-api-automation\target</directory>
    <finalName>reqres-api-automation-1.0.0-SNAPSHOT</finalName>
    <pluginManagement>
      <plugins>
        <plugin>
          <artifactId>maven-antrun-plugin</artifactId>
          <version>3.1.0</version>
        </plugin>
        <plugin>
          <artifactId>maven-assembly-plugin</artifactId>
          <version>3.7.1</version>
        </plugin>
        <plugin>
          <artifactId>maven-dependency-plugin</artifactId>
          <version>3.7.0</version>
        </plugin>
        <plugin>
          <artifactId>maven-release-plugin</artifactId>
          <version>3.0.1</version>
        </plugin>
      </plugins>
    </pluginManagement>
    <plugins>
      <plugin>
        <artifactId>maven-compiler-plugin</artifactId>
        <version>3.13.0</version>
        <executions>
          <execution>
            <id>default-compile</id>
            <phase>compile</phase>
            <goals>
              <goal>compile</goal>
            </goals>
            <configuration>
              <release>25</release>
            </configuration>
          </execution>
          <execution>
            <id>default-testCompile</id>
            <phase>test-compile</phase>
            <goals>
              <goal>testCompile</goal>
            </goals>
            <configuration>
              <release>25</release>
            </configuration>
          </execution>
        </executions>
        <configuration>
          <release>25</release>
        </configuration>
      </plugin>
      <plugin>
        <artifactId>maven-surefire-plugin</artifactId>
        <version>3.5.2</version>
        <executions>
          <execution>
            <id>default-test</id>
            <phase>test</phase>
            <goals>
              <goal>test</goal>
            </goals>
            <configuration>
              <useModulePath>false</useModulePath>
              <systemPropertyVariables>
                <serenity.outputDirectory>C:\Users\Cristiam Osorio\Documents\API\reqres-api-automation\target/site/serenity</serenity.outputDirectory>
              </systemPropertyVariables>
            </configuration>
          </execution>
        </executions>
        <configuration>
          <useModulePath>false</useModulePath>
          <systemPropertyVariables>
            <serenity.outputDirectory>C:\Users\Cristiam Osorio\Documents\API\reqres-api-automation\target/site/serenity</serenity.outputDirectory>
          </systemPropertyVariables>
        </configuration>
      </plugin>
      <plugin>
        <groupId>net.serenity-bdd.maven.plugins</groupId>
        <artifactId>serenity-maven-plugin</artifactId>
        <version>5.3.11</version>
        <executions>
          <execution>
            <id>serenity-reports</id>
            <phase>post-integration-test</phase>
            <goals>
              <goal>aggregate</goal>
            </goals>
          </execution>
        </executions>
      </plugin>
      <plugin>
        <artifactId>maven-clean-plugin</artifactId>
        <version>3.2.0</version>
        <executions>
          <execution>
            <id>default-clean</id>
            <phase>clean</phase>
            <goals>
              <goal>clean</goal>
            </goals>
          </execution>
        </executions>
      </plugin>
      <plugin>
        <artifactId>maven-resources-plugin</artifactId>
        <version>3.3.1</version>
        <executions>
          <execution>
            <id>default-testResources</id>
            <phase>process-test-resources</phase>
            <goals>
              <goal>testResources</goal>
            </goals>
          </execution>
          <execution>
            <id>default-resources</id>
            <phase>process-resources</phase>
            <goals>
              <goal>resources</goal>
            </goals>
          </execution>
        </executions>
      </plugin>
      <plugin>
        <artifactId>maven-jar-plugin</artifactId>
        <version>3.4.1</version>
        <executions>
          <execution>
            <id>default-jar</id>
            <phase>package</phase>
            <goals>
              <goal>jar</goal>
            </goals>
          </execution>
        </executions>
      </plugin>
      <plugin>
        <artifactId>maven-install-plugin</artifactId>
        <version>3.1.2</version>
        <executions>
          <execution>
            <id>default-install</id>
            <phase>install</phase>
            <goals>
              <goal>install</goal>
            </goals>
          </execution>
        </executions>
      </plugin>
      <plugin>
        <artifactId>maven-deploy-plugin</artifactId>
        <version>3.1.2</version>
        <executions>
          <execution>
            <id>default-deploy</id>
            <phase>deploy</phase>
            <goals>
              <goal>deploy</goal>
            </goals>
          </execution>
        </executions>
      </plugin>
      <plugin>
        <artifactId>maven-site-plugin</artifactId>
        <version>3.12.1</version>
        <executions>
          <execution>
            <id>default-site</id>
            <phase>site</phase>
            <goals>
              <goal>site</goal>
            </goals>
            <configuration>
              <outputDirectory>C:\Users\Cristiam Osorio\Documents\API\reqres-api-automation\target\site</outputDirectory>
              <reportPlugins>
                <reportPlugin>
                  <groupId>org.apache.maven.plugins</groupId>
                  <artifactId>maven-project-info-reports-plugin</artifactId>
                </reportPlugin>
              </reportPlugins>
            </configuration>
          </execution>
          <execution>
            <id>default-deploy</id>
            <phase>site-deploy</phase>
            <goals>
              <goal>deploy</goal>
            </goals>
            <configuration>
              <outputDirectory>C:\Users\Cristiam Osorio\Documents\API\reqres-api-automation\target\site</outputDirectory>
              <reportPlugins>
                <reportPlugin>
                  <groupId>org.apache.maven.plugins</groupId>
                  <artifactId>maven-project-info-reports-plugin</artifactId>
                </reportPlugin>
              </reportPlugins>
            </configuration>
          </execution>
        </executions>
        <configuration>
          <outputDirectory>C:\Users\Cristiam Osorio\Documents\API\reqres-api-automation\target\site</outputDirectory>
          <reportPlugins>
            <reportPlugin>
              <groupId>org.apache.maven.plugins</groupId>
              <artifactId>maven-project-info-reports-plugin</artifactId>
            </reportPlugin>
          </reportPlugins>
        </configuration>
      </plugin>
    </plugins>
  </build>
  <reporting>
    <outputDirectory>C:\Users\Cristiam Osorio\Documents\API\reqres-api-automation\target\site</outputDirectory>
  </reporting>
</project>
